// Jest Snapshot v1, https://goo.gl/fbAQLP

exports[`Github profile snapshot 1`] = `
<div
  className="card"
>
  <img
    className="card-img"
    src="Git Image"
    style={
      Object {
        "height": "50px",
        "marginLeft": "48%",
        "width": "50px",
      }
    }
  />
  <h1>
    username
  </h1>
  <h2>
    Git Bio
  </h2>
</div>
`;
