// Jest Snapshot v1, https://goo.gl/fbAQLP

exports[`Github profile snapshot 1`] = `
<div
  className="card"
  style={
    Object {
      "width": "13em",
    }
  }
>
  <img
    className="card-img-top"
    src="Git Image"
  />
  <div
    className="card-body"
  >
    <div
      className="card-title h5"
    >
      username
    </div>
    <p
      className="card-text"
    >
      Git Bio
    </p>
  </div>
</div>
`;
